/mnt/workspace/gitCode/cann/Dev-experience/v300_tag_0828/SuperScalarModel/bin/gfsim -f /tmp/opencode/issue_pkg/moe_combine_gfsim_refmodel_acrc/elf/min_pack_once_291blocks_PASS.elf 
[VRET] bid=7 cyc=161
[VRET] bid=4 cyc=172
[VRET] bid=16 cyc=202
[VRET] bid=25 cyc=244
[VRET] bid=13 cyc=254
[VRET] bid=34 cyc=286
[VRET] bid=22 cyc=297
[VRET] bid=43 cyc=328
[VRET] bid=31 cyc=355
[VRET] bid=52 cyc=370
[VRET] bid=40 cyc=401
[VRET] bid=61 cyc=412
[VRET] bid=49 cyc=456
[VRET] bid=70 cyc=458
[VRET] bid=58 cyc=479
[VRET] bid=79 cyc=496
[VRET] bid=67 cyc=506
[VRET] bid=88 cyc=538
[VRET] bid=97 cyc=580
[VRET] bid=76 cyc=599
[VRET] bid=106 cyc=622
[VRET] bid=85 cyc=645
[VRET] bid=94 cyc=649
[VRET] bid=115 cyc=664
[VRET] bid=103 cyc=700
[VRET] bid=124 cyc=706
[VRET] bid=133 cyc=748
[VRET] bid=112 cyc=788
[VRET] bid=121 cyc=792
[VRET] bid=142 cyc=796
[VRET] bid=130 cyc=838
[VRET] bid=139 cyc=842
[VRET] bid=151 cyc=846
[VRET] bid=160 cyc=874
[VRET] bid=169 cyc=918
[VRET] bid=148 cyc=931
[VRET] bid=178 cyc=958
[VRET] bid=187 cyc=1000
[VRET] bid=157 cyc=1019
[VRET] bid=166 cyc=1023
[VRET] bid=196 cyc=1042
[VRET] bid=175 cyc=1069
[VRET] bid=184 cyc=1073
[VRET] bid=205 cyc=1084
[VRET] bid=214 cyc=1126
[VRET] bid=193 cyc=1162
[VRET] bid=223 cyc=1168
[VRET] bid=232 cyc=1210
[VRET] bid=202 cyc=1227
[VRET] bid=211 cyc=1254
[VRET] bid=220 cyc=1258
[VRET] bid=241 cyc=1262
[VRET] bid=250 cyc=1294
[VRET] bid=229 cyc=1304
[VRET] bid=3 cyc=1339
[VRET] bid=238 cyc=1350
[VRET] bid=12 cyc=1378
[VRET] bid=21 cyc=1420
[VRET] bid=247 cyc=1438
[VRET] bid=30 cyc=1462
[VRET] bid=0 cyc=1484
[VRET] bid=9 cyc=1530
[VRET] bid=18 cyc=1534
[VRET] bid=27 cyc=1580
Memory: 0x10200 - 0x10250 (Size=0KB) [.rodata]
Memory: 0x10254 - 0x10267 (Size=0KB) [.eh_frame_hdr]
Memory: 0x10268 - 0x102a3 (Size=0KB) [.eh_frame]
Memory: 0x112a4 - 0x1148f (Size=0KB) [.text]
Memory: 0x12490 - 0x124af (Size=0KB) [.init_array]
Memory: 0x124b0 - 0x124c7 (Size=0KB) [.data.rel.ro]
Memory: 0x14000 - 0x1c05b (Size=32KB) [.bss]
Memory: 0x1d000 - 0x1d027 (Size=0KB) [.sbss]
Memory: 0x1d030 - 0x802d030 (Size=131136KB) [stack mem]
Memory: 0x4000802000 - 0x4008803000 (Size=131076KB) [map mem]
Simulation time: 0s 
+-------------------------+--------------+
| BCC Config Name         | Value        |
+-------------------------+--------------+
| inst_decode_bw          | 4            |
| block_rob_depth         | 256          |
| BISQ:cube_isq_depth     | 32           |
| BISQ:vector_isq_depth   | 64           |
+-------------------------+--------------+
No configuration items found.
+-------------------+--------------+
| CUBE Config Name  | Value        |
+-------------------+--------------+
| uop_isq_depth     | 32           |
| tcvt_isq_depth    | 32           |
| L0A_size          | 64           |
| L0B_size          | 64           |
| L0C_size          | 64           |
+-------------------+--------------+
No configuration items found.
No configuration items found.
===================SuperScalar NPU Stats====================
Total Cycles.....................................:      1661
Sim Total Cycles.................................:      1661
================SuperScalar Unified Top-Down================
Retiring.........................................:     27.44%
Bad Speculation..................................:      9.11%
Frontend Bound...................................:      2.77%
Backend Bound....................................:     60.69%
  |-- LD Retiring................................:      0.99%
  |-- ST Retiring................................:      0.50%
  |-- BR Retiring................................:      0.00%
  |-- ALU Retiring...............................:     25.95%
  |-- Other Retiring.............................:      0.00%
  |-- Misprediction..............................:      0.11%
  |-- Machine Clear..............................:      9.00%
  |-- Fetch Latency..............................:      0.00%
  |-- Fetch Bandwidth............................:      0.00%
    |-- Branch Resteering........................:      0.54%
    |-- ITLB/BTLB miss...........................:      0.00%
    |-- BHC miss penalty.........................:   4264.30%
    |-- Other fetch lat..........................:      0.00%
    |-- Decode Stall.............................:      0.00%
    |-- Rename Stall.............................:      0.00%
    |-- BROB Stall...............................:      0.00%
    |-- SYS Block Stall..........................:      0.00%
  |-- Memory Bound...............................:      0.00%
  |-- Core Bound.................................:     60.69%
    |-- L1 Bound.................................:      0.00%
    |-- L2 Bound.................................:      0.00%
    |-- L3/DRAM Bound............................:      0.00%
    |-- Store Bound..............................:      0.00%
    |-- Scalar ALU...............................:    265.82%
    |-- Cube.....................................:     25.00%
    |-- Vector...................................:      0.00%
    |-- TLSU Tload...............................:      0.00%
    |-- TLSU Tstore..............................:      0.00%
    |-- TLSU TMOV................................:      0.00%
    |-- Idle.....................................:      0.00%
    |-- Other Core...............................:      0.00%
      |-- Simple ALU pipe full...................:      0.00%
      |-- Complex INT busy.......................:      0.12%
      |-- Branch port busy.......................:      2.05%
===================superScalar Key Stats====================
superScalar Tileop Total Cycles..................:      1661
  |--Cube Tileop Total Cycles....................:         0
  |--Vector Tileop Total Cycles..................:       459
  |--TMA Tileop Total Cycles.....................:      1171
superScalar Total Tileop Counter.................:       160
  |--Cube Execute Tileop Counter.................:         0
  |--Vector Execute Tileop Counter...............:        64
  |--TMA Execute Tileop Counter..................:        96
superScalar Run Tileop Total Cycles..............:      1275
  |--Cube Busy Cycles............................:         0
  |--Vector Busy Cycles..........................:      2151
  |--TMA Busy Cycles.............................:         0
    |--Tload Busy Cycles.........................:         0
      |--write Blocked By Ring Cycles............:         0
    |--Tstore Busy Cycles........................:         0
    |--Tmov Busy Cycles..........................:         0
    |--Mgather Busy Cycles.......................:         0
    |--Mscatter Busy Cycles......................:         0
    |--Vgather Busy Cycles.......................:         0
    |--Vscatter Busy Cycles......................:         0
  |--All Cores Idle Cycles.......................:       386
  |--Vector-Cube Cocurrent Cycles................:         0
  |--Vector-Cube Active Cycles...................:      1275
  |--Cube-TMA Cocurrent Cycles...................:         0
  |--Cube-TMA Active Cycles......................:         0
  |--Vector-TMA Cocurrent Cycles.................:         0
  |--Vector-TMA Active Cycles....................:      1275
===============PROB Status Occupancy (cycles)===============
  |--free........................................:         0
  |--alloc.......................................:    118246
  |--renamed.....................................:        45
  |--dispatched..................................:       515
  |--in_queue....................................:      2764
  |--issued......................................:      4833
  |--executing...................................:      1742
  |--writeback...................................:       339
  |--completed...................................:     38650
  |--retired.....................................:      1908
  |--fault.......................................:         0
  |--need_flush..................................:         0
====================BCC Key Stats total=====================
Average Outstanding Block Number.................:      7.25
  |--Average Outstanding Cube Block Number.......:      0.00
  |--Average Outstanding Vector Block Number.....:      1.41
  |--Average Outstanding TLoad Number............:      2.00
  |--Average Outstanding TStore Number...........:      3.84
==================BCC Key Stats SThread 0===================
Average Outstanding Block Number.................:      7.25
  |--Average Outstanding Cube Block Number.......:      0.00
  |--Average Outstanding Vector Block Number.....:      1.41
  |--Average Outstanding TLoad Number............:      2.00
  |--Average Outstanding TStore Number...........:      3.84
===================CubeCore 0 Statistics====================
Cube core TFLOPS(1.65GHz)........................:      0.00
Cube core alu utilization........................:         0    0.00%
Cube core utilization(Run TileOp, header)........:         0    0.00%
Cube core L0CWR ratio............................:         0    inf%
Cube core load wait ratio........................:         0    inf%
Cube core load port data channel utilization.....:         0    inf%
Cube core uop load average used cycle............:       nan
Cube core load req average used cycle............:       nan
Cube core exe tileop count.......................:         0
Cube core average acc slot use...................:       nan
Cube core average l0a entry use..................:       nan
Cube core average l0b entry use..................:       nan
Cube core average l0a entry use busy.............:       nan
Cube core average l0b entry use busy.............:       nan
Cube core average acc slot use busy..............:       nan
Cube core exe uop count..........................:         0
Cube core total load count.......................:         0
Cube core total store count......................:         0
Cube core cannot pick main chain uop ratio.......:         0    inf%
Cube core pick cub chain uop ratio...............:         0    inf%
Cube busy cycle..................................:         0
Cube core mmad busy cycle........................:         0    inf%
Cube core load busy cycle........................:         0    inf%
Cube core store busy cycle.......................:         0    inf%
Cube core tileop mmad cycle range................:         0
Cube core tileop load cycle range................:         0
Cube core tileop store cycle range...............:         0
Cube core load and mmad cycle overlap............:         0    inf%
=============== TLSU tile-store STQ residency peId=0 ===============
  resident entry-cycles ....................: 5502
  |-- addr/interval not resolved ...........: 0  (0.00%)
  |-- tile data (rename) not ready .........: 3652  (66.38%)
  |-- BLOCKED BY NON-FLUSH POINTER .........: 1786  (32.46%)
  |-- older store still in STQ .............: 0  (0.00%)
  |-- SCB full ............................: 0  (0.00%)
  store_issue=97 scb_enter=97 stq_peak=13 scb_peak=6
  invariants: stq_conservation=OK (created=33 destroyed=33) a3_tile_violation=0 scb_flush_hit=0 scb_waw_scalar=0 scb_waw_tile=0 nuke=0
=====================Retired block Type=====================
Retired Block Num................................:       291
  |--Retired STD Block Num.......................:       131
  |--Retired PARALLEL Block Num..................:       160
    |--Retired CUBE Block Num....................:         0    0.00%
    |--Retired VCALL Block Num...................:        64   40.00%
    |--Retired TMA Block Num.....................:        96   60.00%
  |--Retired SYS Block Num.......................:         0
  |--Retired FP Block Num........................:         0
  |--Retired TEMPLATE Block Num..................:         0
    |--MEMSET TEMPLATE Block Num.................:         0
    |--MEMCOPY TEMPLATE Block Num................:         0
    |--FENTRY TEMPLATE Block Num.................:         0
    |--FEXIT TEMPLATE Block Num..................:         0
    |--FRET TEMPLATE Block Num...................:         0
  |--Retired OTHER Block Num.....................:         0
Retired Inst Number..............................:         0
  |--Retired Cube Inst Number....................:         0
  |--Retired Vec Inst Number.....................:         0
BPC..............................................:      0.18
IPC..............................................:      0.00
Average BROB depth...............................:    136.34
Effective window size............................:     76.84
MPKB.............................................:     24.22
MPKI.............................................:       nan
Simulation speed (Kilo Insts Per Second).........:      0.00
Discontinuous BPC Count..........................:        32
Average Continuous BPC Length....................:      9.09
Average fetch minsts/header per cycle............:     27.98
===============BCC Detail Stats(Tile rename)================
Tile register average tag num....................:     21.97
  |--T...........................................:     21.97
  |--U...........................................:      0.00
  |--M...........................................:      0.00
  |--N...........................................:      0.00
  |--ACC.........................................:      0.00
  |--STK.........................................:      0.00
  |--DEP.........................................:      0.00
  |--MCALL_GPR...................................:      0.00
  |--MCALL_STK...................................:      0.00
Tile register average utilization(B).............:  56443.91
  |--T...........................................:     56443  100.00%
  |--U...........................................:         0    0.00%
  |--M...........................................:         0    0.00%
  |--N...........................................:         0    0.00%
  |--ACC.........................................:         0    0.00%
  |--STK.........................................:         0    0.00%
  |--DEP.........................................:         0    0.00%
  |--MCALL_GPR...................................:         0    0.00%
  |--MCALL_STK...................................:         0    0.00%
Tile register max size of T......................:    655360
  |-- utilization................................:     86016   13.12%
Tile register max size of U......................:    655360
  |-- utilization................................:         0    0.00%
Tile register max size of M......................:    655360
  |-- utilization................................:         0    0.00%
Tile register max size of N......................:    655360
  |-- utilization................................:         0    0.00%
T MAPQ average occupied size.....................:      0.00
U MAPQ average occupied size.....................:      0.00
M MAPQ average occupied size.....................:      0.00
N MAPQ average occupied size.....................:      0.00
ACC MAPQ average occupied size...................:      0.00
STK MAPQ average occupied size...................:      0.00
DEP MAPQ average occupied size...................:      0.00
MCALL_GPR MAPQ average occupied size.............:      0.00
MCALL_STK MAPQ average occupied size.............:      0.00
===================BCC Stall Stats Total====================
BRob Full Stall..................................:         0
RENAME Stall.....................................:         0
Block Rename Get Stall...........................:         0
Block Rename Set Stall...........................:         0
BIsq Full Stall .................................:         0
TileReg Full Stall ..............................:         0
=================BCC Stall Stats SThread 0==================
BRob Full Stall..................................:         0
RENAME Stall.....................................:         0
Block Rename Get Stall...........................:         0
Block Rename Set Stall...........................:         0
BIsq Full Stall .................................:         0
TileReg Full Stall ..............................:         0
==========BCC Detail Stats(Flush Statistics) Total==========
intra-block ld-st conflict.......................:         0
inter-block ld-st conflict.......................:         0
intra-block misp.................................:         0
inter-block misp.................................:         9
========BCC Detail Stats(Flush Statistics) SThread 0========
intra-block ld-st conflict.......................:         0
inter-block ld-st conflict.......................:         0
intra-block misp.................................:         0
inter-block misp.................................:         9
=====================SPE OOO&IEX stats======================
decode inst bubble...............................:      3703
average decode bundle............................:      0.00
Thread0 Pick Cnt.................................:      1989
Thread0 rob stall cnt............................:       833
decode pe rob stall..............................:         0
decode local gpr stall...........................:         0
inst buffer stall................................:         0
predicate reg stall..............................:         0
vector reg ptag stall............................:         0
vector local scalar reg stall....................:         0
retired ld inst..................................:        66
retired st inst..................................:        33
retired scalar inst..............................:      1823
retired vector inst..............................:         0
retired div/sqrt inst............................:         0
MAPQ lg0 stall...................................:         0
ROB lg0 stall....................................:       833
Thread0 decode cycle.............................:       500
Thread0 alloc cycle..............................:       500
Thread0 rename cycle.............................:       499
Thread0 d2_s1 dispatch cnt.......................:       471
Thread0 slots_total..............................:      2000
Thread0 slots_rob_allocated......................:      1989
Thread0 slots_fe_bubble..........................:        11
Thread0 slots_idle...............................:         0
Thread0 robStall.................................:      3332
Thread0 retired_load.............................:        66
Thread0 retired_store............................:        33
Thread0 retired_innerJump........................:         0
Thread0 retiredAluInst...........................:      1724
Thread0 retiredSAluInst..........................:      1724
Thread0 retiredVAluInst..........................:         0
Thread0 retiredScalar............................:      1823
Thread0 retiredVector............................:         0
Thread0 retiredDivSqrt...........................:         0
======================Vector PMU Stats======================
TileopNum........................................:        64
UopNum...........................................:       256
IPC(UOP).........................................:  0.154124
RowExpandTileNum.................................:         0
RowExpandUopSplit................................:         0
RowExpandSrc0CellRegReadNum......................:         0
RowExpandBroadcastCellRegReadNum.................:         0
RowExpandBroadcastBufferHitNum...................:         0
RowExpandBroadcastOwnerDeliveryNum...............:         0
RowExpandBroadcastCacheFillNum...................:         0
RowExpandBroadcastWaitCycles.....................:         0
RowExpandReadPortWaitCycles......................:         0
RowExpandSourceResponseWaitUopCycles.............:         0
RowExpandCompletedTileNum........................:         0
RowExpandFlushedTileNum..........................:         0
RowExpandStaleResponseNum........................:         0
RowReduceTileNum.................................:         0
RowReduceLayerNum................................:         0
RowReduceUopSplit................................:         0
RowReduceUopDone.................................:         0
RowReduceRootWriteNum............................:         0
RowReduceFlushedTileNum..........................:         0
RowReduceEntryUnavailableCycles..................:         0
RowReduceSplitBandwidthWaitTileCycles............:         0
RowReduceSrcBufFullTileCycles....................:         0
RowReduceLayerWaitTileCycles.....................:         0
RowReduceLayerPublishWaitTileCycles..............:         0
RowReduceReadPortWaitUopCycles...................:         0
RowReduceSourceResponseWaitUopCycles.............:         0
RowReduceIssueIntervalWaitUopCycles..............:         0
RowReduceSameGroupWaitUopCycles..................:         0
RowReduceExecPipeFullUopCycles...................:         0
RowReduceRootDstBufWaitTileCycles................:         0
RowReduceRootWritePortWaitCycles.................:         0
RowReduceRootWriteResponseWaitCycles.............:         0
RowReduceCellBufPeak.............................:         0
ReadNum..........................................:       128
ReadLat..........................................:     14.00
  |--LatLE5......................................:         0
  |--LatLE10.....................................:         0
  |--LatLE15.....................................:       128
  |--LatGT15.....................................:         0
WriteNum.........................................:       256
WriteLat.........................................:     14.00
  |--LatLE5......................................:         0
  |--LatLE10.....................................:         0
  |--LatLE15.....................................:       256
  |--LatGT15.....................................:         0
==================SuperScalar Report Stop===================
